// Jest Snapshot v1, https://goo.gl/fbAQLP

exports[`works 1`] = `
"
const a = 1;

debugger;
if (true) {}"
`;

exports[`works 2`] = `
"
const a = 1;

if (true) {}"
`;
